Archive member included to satisfy reference by file (symbol)

c:/program files (x86)/gnu tools arm embedded/7 2017-q4-major/bin/../lib/gcc/arm-none-eabi/7.2.1/../../../../arm-none-eabi/lib/thumb/v7-m\libc.a(lib_a-memcpy.o)
                              ./startup_armcm3.o (memcpy)

Memory Configuration

Name             Origin             Length             Attributes
FLASH            0x00000000         0x00070800         xr
RAM              0x20000000         0x00020000         xrw
*default*        0x00000000         0xffffffff

Linker script and memory map

LOAD ./main.o
LOAD ./libsr.a
LOAD ./GCC/gcc_arm.ld
START GROUP
LOAD c:/program files (x86)/gnu tools arm embedded/7 2017-q4-major/bin/../lib/gcc/arm-none-eabi/7.2.1/thumb/v7-m\libgcc.a
LOAD c:/program files (x86)/gnu tools arm embedded/7 2017-q4-major/bin/../lib/gcc/arm-none-eabi/7.2.1/../../../../arm-none-eabi/lib/thumb/v7-m\libc.a
LOAD c:/program files (x86)/gnu tools arm embedded/7 2017-q4-major/bin/../lib/gcc/arm-none-eabi/7.2.1/../../../../arm-none-eabi/lib/thumb/v7-m\libm.a
LOAD c:/program files (x86)/gnu tools arm embedded/7 2017-q4-major/bin/../lib/gcc/arm-none-eabi/7.2.1/../../../../arm-none-eabi/lib/thumb/v7-m\libnosys.a
END GROUP
                0x00000000                __exidx_start = .
                0x00000000                __exidx_end = .
                0x00000000                __etext = .
                0x20020000                __StackTop = (ORIGIN (RAM) + LENGTH (RAM))
                0x2001f800                __StackLimit = (__StackTop - SIZEOF (.stack_dummy))
                [!provide]                PROVIDE (__stack, __StackTop)
                0x00000001                ASSERT ((__StackLimit >= __HeapLimit), region RAM overflowed with stack)
LOAD ./startup_armcm3.o
LOAD ./startup_armcm3_1.o
LOAD ./system_armcm3.o
LOAD c:/program files (x86)/gnu tools arm embedded/7 2017-q4-major/bin/../lib/gcc/arm-none-eabi/7.2.1/../../../../arm-none-eabi/lib/thumb/v7-m\libm.a
START GROUP
LOAD c:/program files (x86)/gnu tools arm embedded/7 2017-q4-major/bin/../lib/gcc/arm-none-eabi/7.2.1/thumb/v7-m\libgcc.a
LOAD c:/program files (x86)/gnu tools arm embedded/7 2017-q4-major/bin/../lib/gcc/arm-none-eabi/7.2.1/../../../../arm-none-eabi/lib/thumb/v7-m\libc.a
END GROUP
START GROUP
LOAD c:/program files (x86)/gnu tools arm embedded/7 2017-q4-major/bin/../lib/gcc/arm-none-eabi/7.2.1/thumb/v7-m\libgcc.a
LOAD c:/program files (x86)/gnu tools arm embedded/7 2017-q4-major/bin/../lib/gcc/arm-none-eabi/7.2.1/../../../../arm-none-eabi/lib/thumb/v7-m\libc.a
LOAD c:/program files (x86)/gnu tools arm embedded/7 2017-q4-major/bin/../lib/gcc/arm-none-eabi/7.2.1/../../../../arm-none-eabi/lib/thumb/v7-m\libm.a
LOAD c:/program files (x86)/gnu tools arm embedded/7 2017-q4-major/bin/../lib/gcc/arm-none-eabi/7.2.1/../../../../arm-none-eabi/lib/thumb/v7-m\libnosys.a
END GROUP

.text           0x00000000      0x220
 *(.vectors)
 .vectors       0x00000000       0xc0 ./startup_armcm3.o
                0x00000000                __Vectors
 .vectors       0x000000c0        0x2 ./startup_armcm3_1.o
                0x000000c2                __Vectors_End = .
                0x00000220                __Vectors_Size = (__Vectors_End - __Vectors)
                0x000000c2                __end__ = .
 *(.text*)
 .text          0x000000c2        0x0 ./main.o
 *fill*         0x000000c2        0x2 
 .text.startup  0x000000c4        0x8 ./main.o
                0x000000c4                main
 .text          0x000000cc       0x38 ./startup_armcm3.o
                0x000000cc                DebugMon_Handler
                0x000000cc                HardFault_Handler
                0x000000cc                SysTick_Handler
                0x000000cc                PendSV_Handler
                0x000000cc                NMI_Handler
                0x000000cc                UART1_IRQHandler
                0x000000cc                FLEXRAY_IRQHandler
                0x000000cc                UART0_IRQHandler
                0x000000cc                UsageFault_Handler
                0x000000cc                MCIB_IRQHandler
                0x000000cc                AACI_IRQHandler
                0x000000cc                CAN_IRQHandler
                0x000000cc                CHLCD_IRQHandler
                0x000000cc                USBDC_IRQHandler
                0x000000cc                USBHC_IRQHandler
                0x000000cc                RTC_IRQHandler
                0x000000cc                MCIA_IRQHandler
                0x000000cc                SPI_IRQHandler
                0x000000cc                UART2_IRQHandler
                0x000000cc                UART4_IRQHandler
                0x000000cc                Default_Handler
                0x000000cc                UART3_IRQHandler
                0x000000cc                CLCD_IRQHandler
                0x000000cc                TIM0_IRQHandler
                0x000000cc                I2C_IRQHandler
                0x000000cc                MemManage_Handler
                0x000000cc                WDT_IRQHandler
                0x000000cc                SVC_Handler
                0x000000cc                TIM2_IRQHandler
                0x000000cc                LIN_IRQHandler
                0x000000cc                CPU_CLCD_IRQHandler
                0x000000cc                BusFault_Handler
                0x000000cc                ENET_IRQHandler
                0x000000d0                Reset_Handler
                0x00000100                _start
 .text          0x00000104        0x0 ./startup_armcm3_1.o
 .text          0x00000104       0x30 ./system_armcm3.o
                0x00000104                SystemCoreClockUpdate
                0x00000114                SystemInit
 .text          0x00000134       0xec c:/program files (x86)/gnu tools arm embedded/7 2017-q4-major/bin/../lib/gcc/arm-none-eabi/7.2.1/../../../../arm-none-eabi/lib/thumb/v7-m\libc.a(lib_a-memcpy.o)
                0x00000134                memcpy
 *(.init)
 *(.fini)
 *crtbegin.o(.ctors)
 *crtbegin?.o(.ctors)
 *(EXCLUDE_FILE(*crtend.o *crtend?.o) .ctors)
 *(SORT_BY_NAME(.ctors.*))
 *(.ctors)
 *crtbegin.o(.dtors)
 *crtbegin?.o(.dtors)
 *(EXCLUDE_FILE(*crtend.o *crtend?.o) .dtors)
 *(SORT_BY_NAME(.dtors.*))
 *(.dtors)
 *(.rodata*)
 *(.eh_frame*)
 *(.vectors)
                0x00000220                __Vectors_End = .
                0x00000220                __Vectors_Size = (__Vectors_End - __Vectors)
                0x00000220                __end__ = .
 *(.text*)
 *(.init)
 *(.fini)
 *crtbegin.o(.ctors)
 *crtbegin?.o(.ctors)
 *(EXCLUDE_FILE(*crtend.o *crtend?.o) .ctors)
 *(SORT_BY_NAME(.ctors.*))
 *(.ctors)
 *crtbegin.o(.dtors)
 *crtbegin?.o(.dtors)
 *(EXCLUDE_FILE(*crtend.o *crtend?.o) .dtors)
 *(SORT_BY_NAME(.dtors.*))
 *(.dtors)
 *(.rodata*)
 *(.eh_frame*)

.glue_7         0x00000220        0x0
 .glue_7        0x00000220        0x0 linker stubs

.glue_7t        0x00000220        0x0
 .glue_7t       0x00000220        0x0 linker stubs

.vfp11_veneer   0x00000220        0x0
 .vfp11_veneer  0x00000220        0x0 linker stubs

.v4_bx          0x00000220        0x0
 .v4_bx         0x00000220        0x0 linker stubs

.iplt           0x00000220        0x0
 .iplt          0x00000220        0x0 ./main.o

.rel.dyn        0x00000220        0x0
 .rel.iplt      0x00000220        0x0 ./main.o

.ARM.extab
 *(.ARM.extab* .gnu.linkonce.armextab.*)
 *(.ARM.extab* .gnu.linkonce.armextab.*)
                0x00000220                __exidx_start = .

.ARM.exidx
 *(.ARM.exidx* .gnu.linkonce.armexidx.*)
 *(.ARM.exidx* .gnu.linkonce.armexidx.*)
                0x00000220                __exidx_end = .
                0x00000220                __etext = .

.data           0x20000000        0x8 load address 0x00000220
                0x20000000                __data_start__ = .
 *(vtable)
 *(.data*)
 .data          0x20000000        0x4 ./main.o
                0x20000000                __sheap
 .data          0x20000004        0x0 ./startup_armcm3.o
 .data          0x20000004        0x0 ./startup_armcm3_1.o
 .data          0x20000004        0x4 ./system_armcm3.o
                0x20000004                SystemCoreClock
 .data          0x20000008        0x0 c:/program files (x86)/gnu tools arm embedded/7 2017-q4-major/bin/../lib/gcc/arm-none-eabi/7.2.1/../../../../arm-none-eabi/lib/thumb/v7-m\libc.a(lib_a-memcpy.o)
                0x20000008                . = ALIGN (0x4)
                [!provide]                PROVIDE (__preinit_array_start, .)
 *(.preinit_array)
                [!provide]                PROVIDE (__preinit_array_end, .)
                0x20000008                . = ALIGN (0x4)
                [!provide]                PROVIDE (__init_array_start, .)
 *(SORT_BY_NAME(.init_array.*))
 *(.init_array)
                [!provide]                PROVIDE (__init_array_end, .)
                0x20000008                . = ALIGN (0x4)
                [!provide]                PROVIDE (__fini_array_start, .)
 *(SORT_BY_NAME(.fini_array.*))
 *(.fini_array)
                [!provide]                PROVIDE (__fini_array_end, .)
 *(.jcr*)
                0x20000008                . = ALIGN (0x4)
                0x20000008                __data_end__ = .
                0x20000008                __data_start__ = .
 *(vtable)
 *(.data*)
                0x20000008                . = ALIGN (0x4)
                [!provide]                PROVIDE (__preinit_array_start, .)
 *(.preinit_array)
                [!provide]                PROVIDE (__preinit_array_end, .)
                0x20000008                . = ALIGN (0x4)
                [!provide]                PROVIDE (__init_array_start, .)
 *(SORT_BY_NAME(.init_array.*))
 *(.init_array)
                [!provide]                PROVIDE (__init_array_end, .)
                0x20000008                . = ALIGN (0x4)
                [!provide]                PROVIDE (__fini_array_start, .)
 *(SORT_BY_NAME(.fini_array.*))
 *(.fini_array)
                [!provide]                PROVIDE (__fini_array_end, .)
 *(.jcr*)
                0x20000008                . = ALIGN (0x4)
                0x20000008                __data_end__ = .

.igot.plt       0x20000008        0x0 load address 0x00000228
 .igot.plt      0x20000008        0x0 ./main.o

.bss            0x20000008        0x4 load address 0x00000228
                0x20000008                . = ALIGN (0x4)
                0x20000008                __bss_start__ = .
 *(.bss*)
 .bss           0x20000008        0x1 ./main.o
                0x20000008                rv
 .bss           0x20000009        0x0 ./startup_armcm3.o
 .bss           0x20000009        0x0 ./startup_armcm3_1.o
 .bss           0x20000009        0x0 ./system_armcm3.o
 .bss           0x20000009        0x0 c:/program files (x86)/gnu tools arm embedded/7 2017-q4-major/bin/../lib/gcc/arm-none-eabi/7.2.1/../../../../arm-none-eabi/lib/thumb/v7-m\libc.a(lib_a-memcpy.o)
 *(COMMON)
                0x2000000c                . = ALIGN (0x4)
 *fill*         0x20000009        0x3 
                0x2000000c                __bss_end__ = .
                0x2000000c                . = ALIGN (0x4)
                0x2000000c                __bss_start__ = .
 *(.bss*)
 *(COMMON)
                0x2000000c                . = ALIGN (0x4)
                0x2000000c                __bss_end__ = .

.heap           0x20000010     0x1800
                0x20000010                __HeapBase = .
                0x20000010                __end__ = .
                0x20001810                end = __end__
 *(.heap*)
 .heap          0x20000010      0xc00 ./startup_armcm3.o
 .heap          0x20000c10      0xc00 ./startup_armcm3_1.o
                0x20001810                __HeapLimit = .
                0x20001810                __HeapBase = .
                0x20001810                __end__ = .
                0x20001810                end = __end__
 *(.heap*)
                0x20001810                __HeapLimit = .

.stack_dummy    0x20001810      0x800
 *(.stack*)
 .stack         0x20001810      0x400 ./startup_armcm3.o
 .stack         0x20001c10      0x400 ./startup_armcm3_1.o
 *(.stack*)
                0x20020000                __StackTop = (ORIGIN (RAM) + LENGTH (RAM))
                0x2001f800                __StackLimit = (__StackTop - SIZEOF (.stack_dummy))
                [!provide]                PROVIDE (__stack, __StackTop)
                0x00000001                ASSERT ((__StackLimit >= __HeapLimit), region RAM overflowed with stack)
OUTPUT(./thm362sr.elf elf32-littlearm)

.debug_info     0x00000000      0xfa2
 .debug_info    0x00000000      0x9fb ./main.o
 .debug_info    0x000009fb      0x29b ./startup_armcm3.o
 .debug_info    0x00000c96       0x26 ./startup_armcm3_1.o
 .debug_info    0x00000cbc      0x2e6 ./system_armcm3.o

.debug_abbrev   0x00000000      0x43d
 .debug_abbrev  0x00000000      0x1df ./main.o
 .debug_abbrev  0x000001df      0x174 ./startup_armcm3.o
 .debug_abbrev  0x00000353       0x14 ./startup_armcm3_1.o
 .debug_abbrev  0x00000367       0xd6 ./system_armcm3.o

.debug_aranges  0x00000000       0x80
 .debug_aranges
                0x00000000       0x20 ./main.o
 .debug_aranges
                0x00000020       0x20 ./startup_armcm3.o
 .debug_aranges
                0x00000040       0x20 ./startup_armcm3_1.o
 .debug_aranges
                0x00000060       0x20 ./system_armcm3.o

.debug_ranges   0x00000000       0x10
 .debug_ranges  0x00000000       0x10 ./main.o

.debug_line     0x00000000      0x4b0
 .debug_line    0x00000000      0x180 ./main.o
 .debug_line    0x00000180      0x13a ./startup_armcm3.o
 .debug_line    0x000002ba       0x45 ./startup_armcm3_1.o
 .debug_line    0x000002ff      0x1b1 ./system_armcm3.o

.debug_str      0x00000000      0x6e7
 .debug_str     0x00000000      0x4e8 ./main.o
                                0x540 (size before relaxing)
 .debug_str     0x000004e8      0x12c ./startup_armcm3.o
                                0x27e (size before relaxing)
 .debug_str     0x00000614       0x24 ./startup_armcm3_1.o
                                 0x42 (size before relaxing)
 .debug_str     0x00000638       0xaf ./system_armcm3.o
                                0x222 (size before relaxing)

.comment        0x00000000       0x7e
 .comment       0x00000000       0x7e ./main.o
                                 0x7f (size before relaxing)
 .comment       0x0000007e       0x7f ./startup_armcm3.o
 .comment       0x0000007e       0x7f ./system_armcm3.o

.ARM.attributes
                0x00000000       0x31
 .ARM.attributes
                0x00000000       0x33 ./main.o
 .ARM.attributes
                0x00000033       0x33 ./startup_armcm3.o
 .ARM.attributes
                0x00000066       0x1b ./startup_armcm3_1.o
 .ARM.attributes
                0x00000081       0x33 ./system_armcm3.o
 .ARM.attributes
                0x000000b4       0x1b c:/program files (x86)/gnu tools arm embedded/7 2017-q4-major/bin/../lib/gcc/arm-none-eabi/7.2.1/../../../../arm-none-eabi/lib/thumb/v7-m\libc.a(lib_a-memcpy.o)

.debug_frame    0x00000000       0x98
 .debug_frame   0x00000000       0x20 ./main.o
 .debug_frame   0x00000020       0x48 ./startup_armcm3.o
 .debug_frame   0x00000068       0x30 ./system_armcm3.o

.debug_loc      0x00000000       0x20
 .debug_loc     0x00000000       0x20 ./startup_armcm3.o
